---
source: crates/tui/src/ui/mod.rs
expression: output
---
"┌──────────────────────────────────────────────────────────────────────────────┐"
"│ F9  Start  Ctrl+P  Files  ?  Help  q  Quit                                   │"
"└──────────────────────────────────────────────────────────────────────────────┘"
"┌ Files ───────────────┐┌ Code ────────────────────────────────────────────────┐"
"│> ▏                   ││                    (no file open)                    │"
"│──────────────────────││                                                      │"
"│No files found        ││                                                      │"
"│                      ││                                                      │"
"│                      ││                                                      │"
"│                      ││                                                      │"
"│                      ││                                                      │"
"│                      ││                                                      │"
"│                      ││                                                      │"
"│                      ││                                                      │"
"└──────────────────────┘└──────────────────────────────────────────────────────┘"
"┌ Variables [Alt+1] [y:yank] ──────────────────────────────────────────────────┐"
"│  (no session)                                                                │"
"│                                                                              │"
"│                                                                              │"
"│                                                                              │"
"│                                                                              │"
"│                                                                              │"
"└──────────────────────────────────────────────────────────────────────────────┘"
" NO SESSION  ERROR: Connection refused                                          "
