---
source: crates/tui/src/ui/mod.rs
expression: output
---
"┌──────────────────────────────────────────────────────────────────────────────┐"
"│ Shift+F5  Stop  Ctrl+P  Files  ?  Help  q  Quit                              │"
"└──────────────────────────────────────────────────────────────────────────────┘"
"┌ Call Stack ──────────┐┌ Code ────────────────────────────────────────────────┐"
"│  (no session)        ││                    (no file open)                    │"
"│                      ││                                                      │"
"│                      ││                                                      │"
"└──────────────────────┘│                                                      │"
"┌ Breakpoints [a:add d:┐│                                                      │"
"│  (none)              ││                                                      │"
"│                      ││                                                      │"
"│                      ││                                                      │"
"└──────────────────────┘│                                                      │"
"┌ Threads ─────────────┐│                                                      │"
"└──────────────────────┘└──────────────────────────────────────────────────────┘"
"┌ Variables [Alt+1] [y:yank] ──────────────────────────────────────────────────┐"
"│  (no session)                                                                │"
"│                                                                              │"
"│                                                                              │"
"│                                                                              │"
"│                                                                              │"
"│                                                                              │"
"└──────────────────────────────────────────────────────────────────────────────┘"
" RUNNING  [Test] Running...                                                     "
