---
source: crates/tui/src/ui/mod.rs
expression: output
---
"┌ test.py ─────────────────────────────────────────────────────────────────────┐"
"│ 1 def hello():                                                               │"
"│ 2     print('hi')                                                            │"
"│ 3                                                                            │"
"│ 4 hello()                                                                    │"
"│                                                                              │"
"│                                                                              │"
"│                                                                              │"
"│                                                                              │"
"│                                                                              │"
"│                                                                              │"
"│                                                                              │"
"│                                                                              │"
"│                                                                              │"
"│                                                                              │"
"│                                                                              │"
"│                                                                              │"
"│                                                                              │"
"│                                                                              │"
"│                                                                              │"
"│                                                                              │"
"│                                                                              │"
"└──────────────────────────────────────────────────────────────────────────────┘"
" NO SESSION  [Zen: z] test.py:1                                                 "
