---
source: crates/tui/src/ui/mod.rs
expression: output
---
"┌──────────────────────────────────────────────────────────────────────────────┐"
"│ Shift+F5  Stop  Ctrl+P  Files  ?  Help  q  Quit                              │"
"└──────────────────────────────────────────────────────────────────────────────┘"
"┌ Call Stack ──────────┐┌ Code ────────────────────────────────────────────────┐"
"│  (no session)        ││                    (no file open)                    │"
"│                      ││                                                      │"
"│                      ││                                                      │"
"└──────────────────────┘│                                                      │"
"┌ Breakpoints [a:add d:┐│                                                      │"
"│  (none)              ││                                                      │"
"│                      ││                                                      │"
"│                      ││                                                      │"
"└──────────────────────┘│                                                      │"
"┌ Threads ─────────────┐│                                                      │"
"└──────────────────────┘└──────────────────────────────────────────────────────┘"
"┌ REPL [Alt+3] ────────────────────────────────────────────────────────────────┐"
"│>> x + 1                                                                      │"
"│=> 42                                                                         │"
"│                                                                              │"
"│                                                                              │"
"│                                                                              │"
"│   (pause to evaluate)                                                        │"
"└──────────────────────────────────────────────────────────────────────────────┘"
" RUNNING                                                                        "
